04-12 16:26:01.928  1217  1217 D SearchTargetUtil: layoutType=short_icon_row resultType=131072 packageName=com.google.android.googlequicksearchbox extras=Bundle{suggestion_type=33,suggest_truncate_start=false,is_answer=false,is_entity=false,is_personal=false,suggest_raw_text=red squirrels north yorkshire,group_id=web1253825,response_id=eae385df-5d7d-4265-858b-b09f0c8f2960,support_query_builder=false,} searchAction=red squirrels north yorkshire searchActionExtras=Bundle{learn_more_url=https://support.google.com/websearch/answer/106230?hl=106230,suggestion_action_text=Report this,should_start_for_result=true,allow_pinning=true,skip_logging_in_target_handler=false,suggestion_action_rpc=2,}ParentID: null targetID: 9200bc1b-8e16-4cb1-acf4-1ace2cf2d00c
04-12 16:26:01.929  1217  1217 D SearchTargetUtil: layoutType=short_icon_row resultType=131072 packageName=com.google.android.googlequicksearchbox extras=Bundle{suggestion_type=33,suggest_truncate_start=false,is_answer=false,is_entity=false,is_personal=false,suggest_raw_text=nyt connections answers,group_id=web1253825,response_id=eae385df-5d7d-4265-858b-b09f0c8f2960,support_query_builder=false,} searchAction=nyt connections answers searchActionExtras=Bundle{learn_more_url=https://support.google.com/websearch/answer/106230?hl=106230,suggestion_action_text=Report this,should_start_for_result=true,allow_pinning=true,skip_logging_in_target_handler=false,suggestion_action_rpc=2,}ParentID: null targetID: 5ebce214-164b-4601-88fd-25c73525f8b4
04-12 16:26:01.929  1217  1232 I s.nexuslauncher: NativeAlloc concurrent copying GC freed 48093(2387KB) AllocSpace objects, 8(560KB) LOS objects, 49% free, 8234KB/16MB, paused 627us,77us total 167.721ms
04-12 16:26:01.941  1217  1234 W System  : A resource failed to call release. 
04-12 16:26:01.942  1217  1234 W System  : A resource failed to call release. 
04-12 16:26:01.943  1217  1234 W System  : A resource failed to call release. 
04-12 16:26:02.049   553   575 W ActivityTaskManager: Activity top resumed state loss timeout for ActivityRecord{4631b10 u0 com.companyname.starterapp/crc640b95e6222dc6e077.MainActivity t109 f} isExiting}
04-12 16:26:02.112   429   884 W VsyncModulator: setTransactionSchedule: Unexpected EarlyEnd
04-12 16:26:02.421   905   946 V WindowManagerShell: Transition animation finished (aborted=false), notifying core (#270)android.os.BinderProxy@eb78bfd@0
04-12 16:26:02.424   553   572 V WindowManager: Finish Transition #270: created at 04-12 16:26:01.546 collect-started=0.361ms request-sent=0.476ms started=14.617ms ready=72.779ms sent=186.328ms finished=878.046ms
04-12 16:26:02.426   553  2618 W WindowManager: Exception thrown during dispatchAppVisibility Window{ef39a2b u0 com.companyname.starterapp/crc640b95e6222dc6e077.MainActivity EXITING}
04-12 16:26:02.426   553  2618 W WindowManager: android.os.DeadObjectException
04-12 16:26:02.426   553  2618 W WindowManager: 	at android.os.BinderProxy.transactNative(Native Method)
04-12 16:26:02.426   553  2618 W WindowManager: 	at android.os.BinderProxy.transact(BinderProxy.java:584)
04-12 16:26:02.426   553  2618 W WindowManager: 	at android.view.IWindow$Stub$Proxy.dispatchAppVisibility(IWindow.java:546)
04-12 16:26:02.426   553  2618 W WindowManager: 	at com.android.server.wm.WindowState.sendAppVisibilityToClients(WindowState.java:3271)
04-12 16:26:02.426   553  2618 W WindowManager: 	at com.android.server.wm.WindowContainer.sendAppVisibilityToClients(WindowContainer.java:1221)
04-12 16:26:02.426   553  2618 W WindowManager: 	at com.android.server.wm.WindowToken.setClientVisible(WindowToken.java:409)
04-12 16:26:02.426   553  2618 W WindowManager: 	at com.android.server.wm.ActivityRecord.setClientVisible(ActivityRecord.java:6946)
04-12 16:26:02.426   553  2618 W WindowManager: 	at com.android.server.wm.ActivityRecord.postApplyAnimation(ActivityRecord.java:5637)
04-12 16:26:02.426   553  2618 W WindowManager: 	at com.android.server.wm.ActivityRecord.commitVisibility(ActivityRecord.java:5580)
04-12 16:26:02.426   553  2618 W WindowManager: 	at com.android.server.wm.Transition.finishTransition(Transition.java:1151)
04-12 16:26:02.426   553  2618 W WindowManager: 	at com.android.server.wm.TransitionController.finishTransition(TransitionController.java:868)
04-12 16:26:02.426   553  2618 W WindowManager: 	at com.android.server.wm.WindowOrganizerController.finishTransition(WindowOrganizerController.java:396)
04-12 16:26:02.426   553  2618 W WindowManager: 	at android.window.IWindowOrganizerController$Stub.onTransact(IWindowOrganizerController.java:286)
04-12 16:26:02.426   553  2618 W WindowManager: 	at com.android.server.wm.WindowOrganizerController.onTransact(WindowOrganizerController.java:181)
04-12 16:26:02.426   553  2618 W WindowManager: 	at android.os.Binder.execTransactInternal(Binder.java:1339)
04-12 16:26:02.426   553  2618 W WindowManager: 	at android.os.Binder.execTransact(Binder.java:1275)
04-12 16:26:02.427   553  2618 I Process : Sending signal. PID: 16296 SIG: 9
04-12 16:26:02.438   553   575 W ActivityManager: setHasOverlayUi called on unknown pid: 16296
04-12 16:26:02.445   905   946 V WindowManagerShell: Track 0 became idle
04-12 16:26:02.445   905   946 V WindowManagerShell: All active transition animations finished
04-12 16:26:02.470   429   429 E BpTransactionCompletedListener: Failed to transact (-32)
04-12 16:26:05.456   553  3759 E TaskPersister: File error accessing recents directory (directory doesn't exist?).
04-12 16:26:05.522 10008 10008 D BoundBrokerSvc: onUnbind: Intent { act=com.google.android.gms.safetynet.service.START pkg=com.google.android.gms }
04-12 16:26:06.964   905   905 D StatusBarIconController: ignoring old pipeline callback because the new wifi icon is enabled
04-12 16:26:10.181   905   905 D StatusBarIconController: ignoring old pipeline callbacks, because the new mobile icons are enabled
04-12 16:26:11.923     0     0 W healthd : battery l=100 v=5000 t=25.0 h=2 st=4 c=900000 fc=3000000 cc=10 chg=
04-12 16:26:16.730  8807  9058 D BtGatt.ScanManager: uid 10128 isForeground true scanMode -1
04-12 16:26:16.734  8807  9058 D BtGatt.ScanManager: uid 10128 isForeground true scanMode -1
04-12 16:26:19.227   553   647 D ActivityManager: freezing 10008 com.google.android.gms
04-12 16:26:19.236   553   647 D ActivityManager: freezing 6168 com.google.android.adservices.api
04-12 16:26:20.183   905   905 D StatusBarIconController: ignoring old pipeline callbacks, because the new mobile icons are enabled
04-12 16:26:20.445   553  2618 D ActivityManager: sync unfroze 10008 com.google.android.gms for 6
04-12 16:26:20.451   553  2618 D ActivityManager: sync unfroze 6168 com.google.android.adservices.api for 6
04-12 16:26:20.453   553  2618 W ProcessStats: Tracking association SourceState{5a50c87 com.google.android.apps.nexuslauncher/10169 BTop #72092} whose proc state 2 is better than process ProcessState{68b943d com.google.android.googlequicksearchbox:search/10132 pkg=com.google.android.googlequicksearchbox} proc state 8 (24 skipped)
04-12 16:26:20.464 10008 10008 D BoundBrokerSvc: onBind: Intent { act=com.google.android.gms.safetynet.service.START pkg=com.google.android.gms }
04-12 16:26:20.465 10008 10008 D BoundBrokerSvc: Loading bound service for intent: Intent { act=com.google.android.gms.safetynet.service.START pkg=com.google.android.gms }
04-12 16:26:24.653   553   879 D androidtc: Initializing SystemTextClassifier, type = System
04-12 16:26:24.658  1771  1771 I AiAiTextClassifier: onCreateTextClassificationSession = TextClassificationSessionId {29a261af-ad6d-4897-9d4e-aaac19f55bc9}
04-12 16:26:24.658   553   879 E ClipboardService: Denying clipboard access to com.android.chrome, application is not in focus nor is it a system service for user 0
04-12 16:26:24.664  1771  2349 I AiAiTranslate: C2T - not in a conversation
04-12 16:26:24.665   905   905 I ClipboardListener: Clipboard overlay suppressed.
04-12 16:26:24.735  1771  2414 I AiAiTextClassifier: GenerateLinks did not find valid links, returning empty result
04-12 16:26:24.744   553   880 E ClipboardService: Denying clipboard access to com.android.chrome, application is not in focus nor is it a system service for user 0
04-12 16:26:24.754   905   905 I ClipboardListener: Clipboard overlay suppressed.
04-12 16:26:24.760  1771  2414 I AiAiTextClassifier: GenerateLinks did not find valid links, returning empty result
04-12 16:26:30.182   905   905 D StatusBarIconController: ignoring old pipeline callbacks, because the new mobile icons are enabled
04-12 16:26:35.545   553  2618 W ProcessStats: Tracking association SourceState{5a50c87 com.google.android.apps.nexuslauncher/10169 BTop #72098} whose proc state 2 is better than process ProcessState{68b943d com.google.android.googlequicksearchbox:search/10132 pkg=com.google.android.googlequicksearchbox} proc state 8 (9 skipped)
04-12 16:26:35.550 10008 10008 D BoundBrokerSvc: onUnbind: Intent { act=com.google.android.gms.safetynet.service.START pkg=com.google.android.gms }
04-12 16:26:36.587     0     0 I logd    : logdr: UID=2000 GID=2000 PID=16359 n tail=0 logMask=99 pid=0 start=0ns deadline=0ns
